This is pdfTeX, Version 3.141592653-2.6-1.40.27 (TeX Live 2025/nixos.org) (preloaded format=pdflatex 1980.1.1)  18 APR 2026 17:13
entering extended mode
 restricted \write18 enabled.
 file:line:error style messages enabled.
 %&-line parsing enabled.
**hw2.tex
(./hw2.tex
LaTeX2e <2025-11-01>
L3 programming layer <2026-01-19>
(/nix/store/aj7026zqwjwjfn9466khglchigym67nz-texlive-combined-full-2025.20260202/tex/latex/base/article.cls
Document Class: article 2025/01/22 v1.4n Standard LaTeX document class
(/nix/store/aj7026zqwjwjfn9466khglchigym67nz-texlive-combined-full-2025.20260202/tex/latex/base/size10.clo
File: size10.clo 2025/01/22 v1.4n Standard LaTeX file (size option)
)
\c@part=\count275
\c@section=\count276
\c@subsection=\count277
\c@subsubsection=\count278
\c@paragraph=\count279
\c@subparagraph=\count280
\c@figure=\count281
\c@table=\count282
\abovecaptionskip=\skip49
\belowcaptionskip=\skip50
\bibindent=\dimen148
) (/nix/store/aj7026zqwjwjfn9466khglchigym67nz-texlive-combined-full-2025.20260202/tex/latex/mdframed/mdframed.sty
Package: mdframed 2013/07/01 1.9b: mdframed
 (/nix/store/aj7026zqwjwjfn9466khglchigym67nz-texlive-combined-full-2025.20260202/tex/latex/kvoptions/kvoptions.sty
Package: kvoptions 2022-06-15 v3.15 Key value format for package options (HO)
 (/nix/store/aj7026zqwjwjfn9466khglchigym67nz-texlive-combined-full-2025.20260202/tex/latex/graphics/keyval.sty
Package: keyval 2022/05/29 v1.15 key=value parser (DPC)
\KV@toks@=\toks17
) (/nix/store/aj7026zqwjwjfn9466khglchigym67nz-texlive-combined-full-2025.20260202/tex/generic/ltxcmds/ltxcmds.sty
Package: ltxcmds 2023-12-04 v1.26 LaTeX kernel commands for general use (HO)
) (/nix/store/aj7026zqwjwjfn9466khglchigym67nz-texlive-combined-full-2025.20260202/tex/latex/kvsetkeys/kvsetkeys.sty
Package: kvsetkeys 2022-10-05 v1.19 Key value parser (HO)
)) (/nix/store/aj7026zqwjwjfn9466khglchigym67nz-texlive-combined-full-2025.20260202/tex/latex/l3packages/xparse/xparse.sty (/nix/store/aj7026zqwjwjfn9466khglchigym67nz-texlive-combined-full-2025.20260202/tex/latex/l3kernel/expl3.sty
Package: expl3 2026-01-19 L3 programming layer (loader) 
 (/nix/store/aj7026zqwjwjfn9466khglchigym67nz-texlive-combined-full-2025.20260202/tex/latex/l3backend/l3backend-pdftex.def
File: l3backend-pdftex.def 2025-10-09 L3 backend support: PDF output (pdfTeX)
\l__color_backend_stack_int=\count283
))
Package: xparse 2025-10-09 L3 Experimental document command parser
) (/nix/store/aj7026zqwjwjfn9466khglchigym67nz-texlive-combined-full-2025.20260202/tex/latex/etoolbox/etoolbox.sty
Package: etoolbox 2025/10/02 v2.5m e-TeX tools for LaTeX (JAW)
\etb@tempcnta=\count284
) (/nix/store/aj7026zqwjwjfn9466khglchigym67nz-texlive-combined-full-2025.20260202/tex/latex/zref/zref-abspage.sty
Package: zref-abspage 2025-06-08 v2.36 Module abspage for zref (HO)
 (/nix/store/aj7026zqwjwjfn9466khglchigym67nz-texlive-combined-full-2025.20260202/tex/latex/zref/zref-base.sty
Package: zref-base 2025-06-08 v2.36 Module base for zref (HO)
 (/nix/store/aj7026zqwjwjfn9466khglchigym67nz-texlive-combined-full-2025.20260202/tex/generic/infwarerr/infwarerr.sty
Package: infwarerr 2019/12/03 v1.5 Providing info/warning/error messages (HO)
) (/nix/store/aj7026zqwjwjfn9466khglchigym67nz-texlive-combined-full-2025.20260202/tex/generic/kvdefinekeys/kvdefinekeys.sty
Package: kvdefinekeys 2019-12-19 v1.6 Define keys (HO)
) (/nix/store/aj7026zqwjwjfn9466khglchigym67nz-texlive-combined-full-2025.20260202/tex/generic/pdftexcmds/pdftexcmds.sty
Package: pdftexcmds 2020-06-27 v0.33 Utility functions of pdfTeX for LuaTeX (HO)
 (/nix/store/aj7026zqwjwjfn9466khglchigym67nz-texlive-combined-full-2025.20260202/tex/generic/iftex/iftex.sty
Package: iftex 2024/12/12 v1.0g TeX engine tests
)
Package pdftexcmds Info: \pdf@primitive is available.
Package pdftexcmds Info: \pdf@ifprimitive is available.
Package pdftexcmds Info: \pdfdraftmode found.
) (/nix/store/aj7026zqwjwjfn9466khglchigym67nz-texlive-combined-full-2025.20260202/tex/generic/etexcmds/etexcmds.sty
Package: etexcmds 2019/12/15 v1.7 Avoid name clashes with e-TeX commands (HO)
)
(/nix/store/aj7026zqwjwjfn9466khglchigym67nz-texlive-combined-full-2025.20260202/tex/latex/auxhook/auxhook.sty
Package: auxhook 2019-12-17 v1.6 Hooks for auxiliary files (HO)
)
Package zref Info: New property list: main on input line 767.
Package zref Info: New property: default on input line 768.
Package zref Info: New property: page on input line 769.
)
\c@abspage=\count285
Package zref Info: New property: abspage on input line 67.
) (/nix/store/aj7026zqwjwjfn9466khglchigym67nz-texlive-combined-full-2025.20260202/tex/latex/needspace/needspace.sty
Package: needspace 2025/03/13 v1.3e reserve vertical space
) (/nix/store/aj7026zqwjwjfn9466khglchigym67nz-texlive-combined-full-2025.20260202/tex/latex/graphics/color.sty
Package: color 2025/01/14 v1.3e Standard LaTeX Color (DPC)
 (/nix/store/aj7026zqwjwjfn9466khglchigym67nz-texlive-combined-full-2025.20260202/tex/latex/graphics-cfg/color.cfg
File: color.cfg 2016/01/02 v1.6 sample color configuration
)
Package color Info: Driver file: pdftex.def on input line 149.
 (/nix/store/aj7026zqwjwjfn9466khglchigym67nz-texlive-combined-full-2025.20260202/tex/latex/graphics-def/pdftex.def
File: pdftex.def 2025/09/29 v1.2d Graphics/color driver for pdftex
) (/nix/store/aj7026zqwjwjfn9466khglchigym67nz-texlive-combined-full-2025.20260202/tex/latex/graphics/mathcolor.ltx))
\mdf@templength=\skip51
\c@mdf@globalstyle@cnt=\count286
\mdf@skipabove@length=\skip52
\mdf@skipbelow@length=\skip53
\mdf@leftmargin@length=\skip54
\mdf@rightmargin@length=\skip55
\mdf@innerleftmargin@length=\skip56
\mdf@innerrightmargin@length=\skip57
\mdf@innertopmargin@length=\skip58
\mdf@innerbottommargin@length=\skip59
\mdf@splittopskip@length=\skip60
\mdf@splitbottomskip@length=\skip61
\mdf@outermargin@length=\skip62
\mdf@innermargin@length=\skip63
\mdf@linewidth@length=\skip64
\mdf@innerlinewidth@length=\skip65
\mdf@middlelinewidth@length=\skip66
\mdf@outerlinewidth@length=\skip67
\mdf@roundcorner@length=\skip68
\mdf@footenotedistance@length=\skip69
\mdf@userdefinedwidth@length=\skip70
\mdf@needspace@length=\skip71
\mdf@frametitleaboveskip@length=\skip72
\mdf@frametitlebelowskip@length=\skip73
\mdf@frametitlerulewidth@length=\skip74
\mdf@frametitleleftmargin@length=\skip75
\mdf@frametitlerightmargin@length=\skip76
\mdf@shadowsize@length=\skip77
\mdf@extratopheight@length=\skip78
\mdf@subtitleabovelinewidth@length=\skip79
\mdf@subtitlebelowlinewidth@length=\skip80
\mdf@subtitleaboveskip@length=\skip81
\mdf@subtitlebelowskip@length=\skip82
\mdf@subtitleinneraboveskip@length=\skip83
\mdf@subtitleinnerbelowskip@length=\skip84
\mdf@subsubtitleabovelinewidth@length=\skip85
\mdf@subsubtitlebelowlinewidth@length=\skip86
\mdf@subsubtitleaboveskip@length=\skip87
\mdf@subsubtitlebelowskip@length=\skip88
\mdf@subsubtitleinneraboveskip@length=\skip89
\mdf@subsubtitleinnerbelowskip@length=\skip90
 (/nix/store/aj7026zqwjwjfn9466khglchigym67nz-texlive-combined-full-2025.20260202/tex/latex/mdframed/md-frame-0.mdf
File: md-frame-0.mdf 2013/07/01\ 1.9b: md-frame-0
)
\mdf@frametitlebox=\box53
\mdf@footnotebox=\box54
\mdf@splitbox@one=\box55
\mdf@splitbox@two=\box56
\mdf@splitbox@save=\box57
\mdfsplitboxwidth=\skip91
\mdfsplitboxtotalwidth=\skip92
\mdfsplitboxheight=\skip93
\mdfsplitboxdepth=\skip94
\mdfsplitboxtotalheight=\skip95
\mdfframetitleboxwidth=\skip96
\mdfframetitleboxtotalwidth=\skip97
\mdfframetitleboxheight=\skip98
\mdfframetitleboxdepth=\skip99
\mdfframetitleboxtotalheight=\skip100
\mdffootnoteboxwidth=\skip101
\mdffootnoteboxtotalwidth=\skip102
\mdffootnoteboxheight=\skip103
\mdffootnoteboxdepth=\skip104
\mdffootnoteboxtotalheight=\skip105
\mdftotallinewidth=\skip106
\mdfboundingboxwidth=\skip107
\mdfboundingboxtotalwidth=\skip108
\mdfboundingboxheight=\skip109
\mdfboundingboxdepth=\skip110
\mdfboundingboxtotalheight=\skip111
\mdf@freevspace@length=\skip112
\mdf@horizontalwidthofbox@length=\skip113
\mdf@verticalmarginwhole@length=\skip114
\mdf@horizontalspaceofbox=\skip115
\mdfsubtitleheight=\skip116
\mdfsubsubtitleheight=\skip117
\c@mdfcountframes=\count287

****** mdframed patching \endmdf@trivlist

****** -- success******

\mdf@envdepth=\count288
\c@mdf@env@i=\count289
\c@mdf@env@ii=\count290
\c@mdf@zref@counter=\count291
Package zref Info: New property: mdf@pagevalue on input line 895.
) (/nix/store/aj7026zqwjwjfn9466khglchigym67nz-texlive-combined-full-2025.20260202/tex/latex/listings/listings.sty
\lst@mode=\count292
\lst@gtempboxa=\box58
\lst@token=\toks18
\lst@length=\count293
\lst@currlwidth=\dimen149
\lst@column=\count294
\lst@pos=\count295
\lst@lostspace=\dimen150
\lst@width=\dimen151
\lst@newlines=\count296
\lst@lineno=\count297
\lst@maxwidth=\dimen152
 (/nix/store/aj7026zqwjwjfn9466khglchigym67nz-texlive-combined-full-2025.20260202/tex/latex/listings/lstpatch.sty
File: lstpatch.sty 2025/11/14 1.11b (Carsten Heinz)
) (/nix/store/aj7026zqwjwjfn9466khglchigym67nz-texlive-combined-full-2025.20260202/tex/latex/listings/lstmisc.sty
File: lstmisc.sty 2025/11/14 1.11b (Carsten Heinz)
\c@lstnumber=\count298
\lst@skipnumbers=\count299
\lst@framebox=\box59
) (/nix/store/aj7026zqwjwjfn9466khglchigym67nz-texlive-combined-full-2025.20260202/tex/latex/listings/listings.cfg
File: listings.cfg 2025/11/14 1.11b listings configuration
))
Package: listings 2025/11/14 1.11b (Carsten Heinz)

==> First Aid for listings.sty no longer applied!
    Expected:
        2024/09/23 1.10c (Carsten Heinz)
    but found:
        2025/11/14 1.11b (Carsten Heinz)
    so I'm assuming it got fixed.
(/nix/store/aj7026zqwjwjfn9466khglchigym67nz-texlive-combined-full-2025.20260202/tex/latex/hyperref/hyperref.sty
Package: hyperref 2026-01-29 v7.01p Hypertext links for LaTeX
 (/nix/store/aj7026zqwjwjfn9466khglchigym67nz-texlive-combined-full-2025.20260202/tex/generic/pdfescape/pdfescape.sty
Package: pdfescape 2019/12/09 v1.15 Implements pdfTeX's escape features (HO)
) (/nix/store/aj7026zqwjwjfn9466khglchigym67nz-texlive-combined-full-2025.20260202/tex/latex/hycolor/hycolor.sty
Package: hycolor 2020-01-27 v1.10 Color options for hyperref/bookmark (HO)
) (/nix/store/aj7026zqwjwjfn9466khglchigym67nz-texlive-combined-full-2025.20260202/tex/latex/hyperref/nameref.sty
Package: nameref 2026-01-29 v2.58 Cross-referencing by name of section
 (/nix/store/aj7026zqwjwjfn9466khglchigym67nz-texlive-combined-full-2025.20260202/tex/latex/refcount/refcount.sty
Package: refcount 2019/12/15 v3.6 Data extraction from label references (HO)
) (/nix/store/aj7026zqwjwjfn9466khglchigym67nz-texlive-combined-full-2025.20260202/tex/generic/gettitlestring/gettitlestring.sty
Package: gettitlestring 2019/12/15 v1.6 Cleanup title references (HO)
)
\c@section@level=\count300
) (/nix/store/aj7026zqwjwjfn9466khglchigym67nz-texlive-combined-full-2025.20260202/tex/generic/stringenc/stringenc.sty
Package: stringenc 2019/11/29 v1.12 Convert strings between diff. encodings (HO)
)
\@linkdim=\dimen153
\Hy@linkcounter=\count301
\Hy@pagecounter=\count302
 (/nix/store/aj7026zqwjwjfn9466khglchigym67nz-texlive-combined-full-2025.20260202/tex/latex/hyperref/pd1enc.def
File: pd1enc.def 2026-01-29 v7.01p Hyperref: PDFDocEncoding definition (HO)
Now handling font encoding PD1 ...
... no UTF-8 mapping file for font encoding PD1
) (/nix/store/aj7026zqwjwjfn9466khglchigym67nz-texlive-combined-full-2025.20260202/tex/generic/intcalc/intcalc.sty
Package: intcalc 2019/12/15 v1.3 Expandable calculations with integers (HO)
)
\Hy@SavedSpaceFactor=\count303
 (/nix/store/aj7026zqwjwjfn9466khglchigym67nz-texlive-combined-full-2025.20260202/tex/latex/hyperref/puenc.def
File: puenc.def 2026-01-29 v7.01p Hyperref: PDF Unicode definition (HO)
Now handling font encoding PU ...
... no UTF-8 mapping file for font encoding PU
)
Package hyperref Info: Hyper figures OFF on input line 4201.
Package hyperref Info: Link nesting OFF on input line 4206.
Package hyperref Info: Hyper index ON on input line 4209.
Package hyperref Info: Plain pages OFF on input line 4216.
Package hyperref Info: Backreferencing OFF on input line 4221.
Package hyperref Info: Implicit mode ON; LaTeX internals redefined.
Package hyperref Info: Bookmarks ON on input line 4468.
\c@Hy@tempcnt=\count304
 (/nix/store/aj7026zqwjwjfn9466khglchigym67nz-texlive-combined-full-2025.20260202/tex/latex/url/url.sty
\Urlmuskip=\muskip17
Package: url 2013/09/16  ver 3.4  Verb mode for urls, etc.
)
LaTeX Info: Redefining \url on input line 4807.
\XeTeXLinkMargin=\dimen154
 (/nix/store/aj7026zqwjwjfn9466khglchigym67nz-texlive-combined-full-2025.20260202/tex/generic/bitset/bitset.sty
Package: bitset 2019/12/09 v1.3 Handle bit-vector datatype (HO)
 (/nix/store/aj7026zqwjwjfn9466khglchigym67nz-texlive-combined-full-2025.20260202/tex/generic/bigintcalc/bigintcalc.sty
Package: bigintcalc 2019/12/15 v1.5 Expandable calculations on big integers (HO)
))
\Fld@menulength=\count305
\Field@Width=\dimen155
\Fld@charsize=\dimen156
Package hyperref Info: Hyper figures OFF on input line 6084.
Package hyperref Info: Link nesting OFF on input line 6089.
Package hyperref Info: Hyper index ON on input line 6092.
Package hyperref Info: backreferencing OFF on input line 6099.
Package hyperref Info: Link coloring OFF on input line 6104.
Package hyperref Info: Link coloring with OCG OFF on input line 6109.
Package hyperref Info: PDF/A mode OFF on input line 6114.
\Hy@abspage=\count306
\c@Item=\count307
\c@Hfootnote=\count308
)
Package hyperref Info: Driver (autodetected): hpdftex.
 (/nix/store/aj7026zqwjwjfn9466khglchigym67nz-texlive-combined-full-2025.20260202/tex/latex/hyperref/hpdftex.def
File: hpdftex.def 2026-01-29 v7.01p Hyperref driver for pdfTeX
\HyAnn@Count=\count309
\Fld@listcount=\count310
\c@bookmark@seq@number=\count311
 (/nix/store/aj7026zqwjwjfn9466khglchigym67nz-texlive-combined-full-2025.20260202/tex/latex/rerunfilecheck/rerunfilecheck.sty
Package: rerunfilecheck 2025-06-21 v1.11 Rerun checks for auxiliary files (HO)
 (/nix/store/aj7026zqwjwjfn9466khglchigym67nz-texlive-combined-full-2025.20260202/tex/generic/uniquecounter/uniquecounter.sty
Package: uniquecounter 2019/12/15 v1.4 Provide unlimited unique counter (HO)
)
Package uniquecounter Info: New unique counter `rerunfilecheck' on input line 284.
)
\Hy@SectionHShift=\skip118
) (/nix/store/aj7026zqwjwjfn9466khglchigym67nz-texlive-combined-full-2025.20260202/tex/latex/amsfonts/amsfonts.sty
Package: amsfonts 2013/01/14 v3.01 Basic AMSFonts support
\@emptytoks=\toks19
\symAMSa=\mathgroup4
\symAMSb=\mathgroup5
LaTeX Font Info:    Redeclaring math symbol \hbar on input line 98.
LaTeX Font Info:    Overwriting math alphabet `\mathfrak' in version `bold'
(Font)                  U/euf/m/n --> U/euf/b/n on input line 106.
)
(/nix/store/aj7026zqwjwjfn9466khglchigym67nz-texlive-combined-full-2025.20260202/tex/latex/amsmath/amsmath.sty
Package: amsmath 2025/07/09 v2.17z AMS math features
\@mathmargin=\skip119

For additional information on amsmath, use the `?' option.
(/nix/store/aj7026zqwjwjfn9466khglchigym67nz-texlive-combined-full-2025.20260202/tex/latex/amsmath/amstext.sty
Package: amstext 2024/11/17 v2.01 AMS text
 (/nix/store/aj7026zqwjwjfn9466khglchigym67nz-texlive-combined-full-2025.20260202/tex/latex/amsmath/amsgen.sty
File: amsgen.sty 1999/11/30 v2.0 generic functions
\@emptytoks=\toks20
\ex@=\dimen157
)) (/nix/store/aj7026zqwjwjfn9466khglchigym67nz-texlive-combined-full-2025.20260202/tex/latex/amsmath/amsbsy.sty
Package: amsbsy 1999/11/29 v1.2d Bold Symbols
\pmbraise@=\dimen158
) (/nix/store/aj7026zqwjwjfn9466khglchigym67nz-texlive-combined-full-2025.20260202/tex/latex/amsmath/amsopn.sty
Package: amsopn 2022/04/08 v2.04 operator names
)
\inf@bad=\count312
LaTeX Info: Redefining \frac on input line 233.
\uproot@=\count313
\leftroot@=\count314
LaTeX Info: Redefining \overline on input line 398.
LaTeX Info: Redefining \colon on input line 409.
\classnum@=\count315
\DOTSCASE@=\count316
LaTeX Info: Redefining \ldots on input line 495.
LaTeX Info: Redefining \dots on input line 498.
LaTeX Info: Redefining \cdots on input line 619.
\Mathstrutbox@=\box60
\strutbox@=\box61
LaTeX Info: Redefining \big on input line 721.
LaTeX Info: Redefining \Big on input line 722.
LaTeX Info: Redefining \bigg on input line 723.
LaTeX Info: Redefining \Bigg on input line 724.
\big@size=\dimen159
LaTeX Font Info:    Redeclaring font encoding OML on input line 742.
LaTeX Font Info:    Redeclaring font encoding OMS on input line 743.
\macc@depth=\count317
LaTeX Info: Redefining \bmod on input line 904.
LaTeX Info: Redefining \pmod on input line 909.
LaTeX Info: Redefining \smash on input line 939.
LaTeX Info: Redefining \relbar on input line 969.
LaTeX Info: Redefining \Relbar on input line 970.
\c@MaxMatrixCols=\count318
\dotsspace@=\muskip18
\c@parentequation=\count319
\dspbrk@lvl=\count320
\tag@help=\toks21
\row@=\count321
\column@=\count322
\maxfields@=\count323
\andhelp@=\toks22
\eqnshift@=\dimen160
\alignsep@=\dimen161
\tagshift@=\dimen162
\tagwidth@=\dimen163
\totwidth@=\dimen164
\lineht@=\dimen165
\@envbody=\toks23
\multlinegap=\skip120
\multlinetaggap=\skip121
\mathdisplay@stack=\toks24
LaTeX Info: Redefining \[ on input line 2950.
LaTeX Info: Redefining \] on input line 2951.
) (./hw2.aux)
\openout1 = `hw2.aux'.

LaTeX Font Info:    Checking defaults for OML/cmm/m/it on input line 15.
LaTeX Font Info:    ... okay on input line 15.
LaTeX Font Info:    Checking defaults for OMS/cmsy/m/n on input line 15.
LaTeX Font Info:    ... okay on input line 15.
LaTeX Font Info:    Checking defaults for OT1/cmr/m/n on input line 15.
LaTeX Font Info:    ... okay on input line 15.
LaTeX Font Info:    Checking defaults for T1/cmr/m/n on input line 15.
LaTeX Font Info:    ... okay on input line 15.
LaTeX Font Info:    Checking defaults for TS1/cmr/m/n on input line 15.
LaTeX Font Info:    ... okay on input line 15.
LaTeX Font Info:    Checking defaults for OMX/cmex/m/n on input line 15.
LaTeX Font Info:    ... okay on input line 15.
LaTeX Font Info:    Checking defaults for U/cmr/m/n on input line 15.
LaTeX Font Info:    ... okay on input line 15.
LaTeX Font Info:    Checking defaults for PD1/pdf/m/n on input line 15.
LaTeX Font Info:    ... okay on input line 15.
LaTeX Font Info:    Checking defaults for PU/pdf/m/n on input line 15.
LaTeX Font Info:    ... okay on input line 15.
 (/nix/store/aj7026zqwjwjfn9466khglchigym67nz-texlive-combined-full-2025.20260202/tex/context/base/mkii/supp-pdf.mkii
[Loading MPS to PDF converter (version 2006.09.02).]
\scratchcounter=\count324
\scratchdimen=\dimen166
\scratchbox=\box62
\nofMPsegments=\count325
\nofMParguments=\count326
\everyMPshowfont=\toks25
\MPscratchCnt=\count327
\MPscratchDim=\dimen167
\MPnumerator=\count328
\makeMPintoPDFobject=\count329
\everyMPtoPDFconversion=\toks26
)
\c@lstlisting=\count330
Package hyperref Info: Link coloring OFF on input line 15.
 (./hw2.out) (./hw2.out)
\@outlinefile=\write3
\openout3 = `hw2.out'.

LaTeX Font Info:    Trying to load font information for U+msa on input line 17.
 (/nix/store/aj7026zqwjwjfn9466khglchigym67nz-texlive-combined-full-2025.20260202/tex/latex/amsfonts/umsa.fd
File: umsa.fd 2013/01/14 v3.01 AMS symbols A
)
LaTeX Font Info:    Trying to load font information for U+msb on input line 17.
 (/nix/store/aj7026zqwjwjfn9466khglchigym67nz-texlive-combined-full-2025.20260202/tex/latex/amsfonts/umsb.fd
File: umsb.fd 2013/01/14 v3.01 AMS symbols B
) [1

{/nix/store/nalzal1i1lvcb9rk2awyxypkgw1z30aq-texlive-combined-full-2025.20260202/share/texmf-var/fonts/map/pdftex/updmap/pdftex.map}] [2] [3] (/nix/store/aj7026zqwjwjfn9466khglchigym67nz-texlive-combined-full-2025.20260202/tex/latex/listings/lstlang1.sty
File: lstlang1.sty 2025/11/14 1.11b listings language file
) (/nix/store/aj7026zqwjwjfn9466khglchigym67nz-texlive-combined-full-2025.20260202/tex/latex/listings/lstmisc.sty
File: lstmisc.sty 2025/11/14 1.11b (Carsten Heinz)
)
LaTeX Font Info:    Trying to load font information for OMS+cmr on input line 250.
 (/nix/store/aj7026zqwjwjfn9466khglchigym67nz-texlive-combined-full-2025.20260202/tex/latex/base/omscmr.fd
File: omscmr.fd 2024/11/19 v2.5n Standard LaTeX font definitions
)
LaTeX Font Info:    Font shape `OMS/cmr/m/n' in size <10> not available
(Font)              Font shape `OMS/cmsy/m/n' tried instead on input line 250.
 [4{/nix/store/aj7026zqwjwjfn9466khglchigym67nz-texlive-combined-full-2025.20260202/fonts/enc/dvips/cm-super/cm-super-ts1.enc}] [5]
Package mdframed Info: Not enough space on this page on input line 419.
 [6]
Package mdframed Info: Not enough space on this page on input line 419.
Package mdframed Info: Box was splittet wrong
 starting loop to iterate the splitting point
(mdframed)              on input line 488.
 [7] [8] [9] [10] (./hw2.aux)
 ***********
LaTeX2e <2025-11-01>
L3 programming layer <2026-01-19>
 ***********
Package rerunfilecheck Info: File `hw2.out' has not changed.
(rerunfilecheck)             Checksum: D41D8CD98F00B204E9800998ECF8427E;0.
 ) 
Here is how much of TeX's memory you used:
 11713 strings out of 467533
 187535 string characters out of 5396041
 804039 words of memory out of 5000000
 40419 multiletter control sequences out of 15000+600000
 635007 words of font info for 69 fonts, out of 8000000 for 9000
 1141 hyphenation exceptions out of 8191
 84i,8n,93p,466b,1543s stack positions out of 10000i,1000n,20000p,200000b,200000s
</nix/store/aj7026zqwjwjfn9466khglchigym67nz-texlive-combined-full-2025.20260202/fonts/type1/public/amsfonts/cm/cmbx10.pfb></nix/store/aj7026zqwjwjfn9466khglchigym67nz-texlive-combined-full-2025.20260202/fonts/type1/public/amsfonts/cm/cmex10.pfb></nix/store/aj7026zqwjwjfn9466khglchigym67nz-texlive-combined-full-2025.20260202/fonts/type1/public/amsfonts/cm/cmmi10.pfb></nix/store/aj7026zqwjwjfn9466khglchigym67nz-texlive-combined-full-2025.20260202/fonts/type1/public/amsfonts/cm/cmmi7.pfb></nix/store/aj7026zqwjwjfn9466khglchigym67nz-texlive-combined-full-2025.20260202/fonts/type1/public/amsfonts/cm/cmr10.pfb></nix/store/aj7026zqwjwjfn9466khglchigym67nz-texlive-combined-full-2025.20260202/fonts/type1/public/amsfonts/cm/cmr12.pfb></nix/store/aj7026zqwjwjfn9466khglchigym67nz-texlive-combined-full-2025.20260202/fonts/type1/public/amsfonts/cm/cmr17.pfb></nix/store/aj7026zqwjwjfn9466khglchigym67nz-texlive-combined-full-2025.20260202/fonts/type1/public/amsfonts/cm/cmr7.pfb></nix/store/aj7026zqwjwjfn9466khglchigym67nz-texlive-combined-full-2025.20260202/fonts/type1/public/amsfonts/cm/cmsy10.pfb></nix/store/aj7026zqwjwjfn9466khglchigym67nz-texlive-combined-full-2025.20260202/fonts/type1/public/amsfonts/cm/cmsy7.pfb></nix/store/aj7026zqwjwjfn9466khglchigym67nz-texlive-combined-full-2025.20260202/fonts/type1/public/cm-super/sfrm1000.pfb>
Output written on hw2.pdf (10 pages, 137795 bytes).
PDF statistics:
 175 PDF objects out of 1000 (max. 8388607)
 139 compressed objects within 2 object streams
 65 named destinations out of 1000 (max. 500000)
 1 words of extra memory for PDF output out of 10000 (max. 10000000)

